'(MaxRetryError('HTTPSConnectionPool(host=\'huggingface.co\', port=443): Max retries exceeded with url: /configs/train_config.json/resolve/main/train_config.json (Caused by NameResolutionError("HTTPSConnection(host=\'huggingface.co\', port=443): Failed to resolve \'huggingface.co\' ([Errno -2] Name or service not known)"))'), '(Request ID: 1c36f7af-4c66-47cb-8b6c-a0c7948cfdb5)')' thrown while requesting HEAD https://huggingface.co/configs/train_config.json/resolve/main/train_config.json
WARNING:huggingface_hub.utils._http:'(MaxRetryError('HTTPSConnectionPool(host=\'huggingface.co\', port=443): Max retries exceeded with url: /configs/train_config.json/resolve/main/train_config.json (Caused by NameResolutionError("HTTPSConnection(host=\'huggingface.co\', port=443): Failed to resolve \'huggingface.co\' ([Errno -2] Name or service not known)"))'), '(Request ID: 1c36f7af-4c66-47cb-8b6c-a0c7948cfdb5)')' thrown while requesting HEAD https://huggingface.co/configs/train_config.json/resolve/main/train_config.json
Retrying in 1s [Retry 1/5].
WARNING:huggingface_hub.utils._http:Retrying in 1s [Retry 1/5].
'(MaxRetryError('HTTPSConnectionPool(host=\'huggingface.co\', port=443): Max retries exceeded with url: /configs/train_config.json/resolve/main/train_config.json (Caused by NameResolutionError("HTTPSConnection(host=\'huggingface.co\', port=443): Failed to resolve \'huggingface.co\' ([Errno -2] Name or service not known)"))'), '(Request ID: 1069506d-0bb7-4564-aa96-f77d9ecaa145)')' thrown while requesting HEAD https://huggingface.co/configs/train_config.json/resolve/main/train_config.json
WARNING:huggingface_hub.utils._http:'(MaxRetryError('HTTPSConnectionPool(host=\'huggingface.co\', port=443): Max retries exceeded with url: /configs/train_config.json/resolve/main/train_config.json (Caused by NameResolutionError("HTTPSConnection(host=\'huggingface.co\', port=443): Failed to resolve \'huggingface.co\' ([Errno -2] Name or service not known)"))'), '(Request ID: 1069506d-0bb7-4564-aa96-f77d9ecaa145)')' thrown while requesting HEAD https://huggingface.co/configs/train_config.json/resolve/main/train_config.json
Retrying in 2s [Retry 2/5].
WARNING:huggingface_hub.utils._http:Retrying in 2s [Retry 2/5].
'(MaxRetryError('HTTPSConnectionPool(host=\'huggingface.co\', port=443): Max retries exceeded with url: /configs/train_config.json/resolve/main/train_config.json (Caused by NameResolutionError("HTTPSConnection(host=\'huggingface.co\', port=443): Failed to resolve \'huggingface.co\' ([Errno -2] Name or service not known)"))'), '(Request ID: 70bbe7fe-c329-4505-a185-5022369432e2)')' thrown while requesting HEAD https://huggingface.co/configs/train_config.json/resolve/main/train_config.json
WARNING:huggingface_hub.utils._http:'(MaxRetryError('HTTPSConnectionPool(host=\'huggingface.co\', port=443): Max retries exceeded with url: /configs/train_config.json/resolve/main/train_config.json (Caused by NameResolutionError("HTTPSConnection(host=\'huggingface.co\', port=443): Failed to resolve \'huggingface.co\' ([Errno -2] Name or service not known)"))'), '(Request ID: 70bbe7fe-c329-4505-a185-5022369432e2)')' thrown while requesting HEAD https://huggingface.co/configs/train_config.json/resolve/main/train_config.json
Retrying in 4s [Retry 3/5].
WARNING:huggingface_hub.utils._http:Retrying in 4s [Retry 3/5].
'(MaxRetryError('HTTPSConnectionPool(host=\'huggingface.co\', port=443): Max retries exceeded with url: /configs/train_config.json/resolve/main/train_config.json (Caused by NameResolutionError("HTTPSConnection(host=\'huggingface.co\', port=443): Failed to resolve \'huggingface.co\' ([Errno -2] Name or service not known)"))'), '(Request ID: a8acc84c-1106-4546-98cc-9379c83c52bf)')' thrown while requesting HEAD https://huggingface.co/configs/train_config.json/resolve/main/train_config.json
WARNING:huggingface_hub.utils._http:'(MaxRetryError('HTTPSConnectionPool(host=\'huggingface.co\', port=443): Max retries exceeded with url: /configs/train_config.json/resolve/main/train_config.json (Caused by NameResolutionError("HTTPSConnection(host=\'huggingface.co\', port=443): Failed to resolve \'huggingface.co\' ([Errno -2] Name or service not known)"))'), '(Request ID: a8acc84c-1106-4546-98cc-9379c83c52bf)')' thrown while requesting HEAD https://huggingface.co/configs/train_config.json/resolve/main/train_config.json
Retrying in 8s [Retry 4/5].
WARNING:huggingface_hub.utils._http:Retrying in 8s [Retry 4/5].
'(MaxRetryError('HTTPSConnectionPool(host=\'huggingface.co\', port=443): Max retries exceeded with url: /configs/train_config.json/resolve/main/train_config.json (Caused by NameResolutionError("HTTPSConnection(host=\'huggingface.co\', port=443): Failed to resolve \'huggingface.co\' ([Errno -2] Name or service not known)"))'), '(Request ID: 19aac15b-ad39-4eac-a2b2-3cd8ba4bb94c)')' thrown while requesting HEAD https://huggingface.co/configs/train_config.json/resolve/main/train_config.json
WARNING:huggingface_hub.utils._http:'(MaxRetryError('HTTPSConnectionPool(host=\'huggingface.co\', port=443): Max retries exceeded with url: /configs/train_config.json/resolve/main/train_config.json (Caused by NameResolutionError("HTTPSConnection(host=\'huggingface.co\', port=443): Failed to resolve \'huggingface.co\' ([Errno -2] Name or service not known)"))'), '(Request ID: 19aac15b-ad39-4eac-a2b2-3cd8ba4bb94c)')' thrown while requesting HEAD https://huggingface.co/configs/train_config.json/resolve/main/train_config.json
Retrying in 8s [Retry 5/5].
WARNING:huggingface_hub.utils._http:Retrying in 8s [Retry 5/5].
'(MaxRetryError('HTTPSConnectionPool(host=\'huggingface.co\', port=443): Max retries exceeded with url: /configs/train_config.json/resolve/main/train_config.json (Caused by NameResolutionError("HTTPSConnection(host=\'huggingface.co\', port=443): Failed to resolve \'huggingface.co\' ([Errno -2] Name or service not known)"))'), '(Request ID: 1bad1dce-6140-4df7-a904-5a7bbc46d3e1)')' thrown while requesting HEAD https://huggingface.co/configs/train_config.json/resolve/main/train_config.json
WARNING:huggingface_hub.utils._http:'(MaxRetryError('HTTPSConnectionPool(host=\'huggingface.co\', port=443): Max retries exceeded with url: /configs/train_config.json/resolve/main/train_config.json (Caused by NameResolutionError("HTTPSConnection(host=\'huggingface.co\', port=443): Failed to resolve \'huggingface.co\' ([Errno -2] Name or service not known)"))'), '(Request ID: 1bad1dce-6140-4df7-a904-5a7bbc46d3e1)')' thrown while requesting HEAD https://huggingface.co/configs/train_config.json/resolve/main/train_config.json
Traceback (most recent call last):
  File "/public/home/202420116260/miniconda3/envs/lerobot/lib/python3.10/site-packages/urllib3/connection.py", line 204, in _new_conn
    sock = connection.create_connection(
  File "/public/home/202420116260/miniconda3/envs/lerobot/lib/python3.10/site-packages/urllib3/util/connection.py", line 60, in create_connection
    for res in socket.getaddrinfo(host, port, family, socket.SOCK_STREAM):
  File "/public/home/202420116260/miniconda3/envs/lerobot/lib/python3.10/socket.py", line 967, in getaddrinfo
    for res in _socket.getaddrinfo(host, port, family, type, proto, flags):
socket.gaierror: [Errno -2] Name or service not known

The above exception was the direct cause of the following exception:

Traceback (most recent call last):
  File "/public/home/202420116260/miniconda3/envs/lerobot/lib/python3.10/site-packages/urllib3/connectionpool.py", line 787, in urlopen
    response = self._make_request(
  File "/public/home/202420116260/miniconda3/envs/lerobot/lib/python3.10/site-packages/urllib3/connectionpool.py", line 488, in _make_request
    raise new_e
  File "/public/home/202420116260/miniconda3/envs/lerobot/lib/python3.10/site-packages/urllib3/connectionpool.py", line 464, in _make_request
    self._validate_conn(conn)
  File "/public/home/202420116260/miniconda3/envs/lerobot/lib/python3.10/site-packages/urllib3/connectionpool.py", line 1093, in _validate_conn
    conn.connect()
  File "/public/home/202420116260/miniconda3/envs/lerobot/lib/python3.10/site-packages/urllib3/connection.py", line 759, in connect
    self.sock = sock = self._new_conn()
  File "/public/home/202420116260/miniconda3/envs/lerobot/lib/python3.10/site-packages/urllib3/connection.py", line 211, in _new_conn
    raise NameResolutionError(self.host, self, e) from e
urllib3.exceptions.NameResolutionError: HTTPSConnection(host='huggingface.co', port=443): Failed to resolve 'huggingface.co' ([Errno -2] Name or service not known)

The above exception was the direct cause of the following exception:

Traceback (most recent call last):
  File "/public/home/202420116260/miniconda3/envs/lerobot/lib/python3.10/site-packages/requests/adapters.py", line 644, in send
    resp = conn.urlopen(
  File "/public/home/202420116260/miniconda3/envs/lerobot/lib/python3.10/site-packages/urllib3/connectionpool.py", line 841, in urlopen
    retries = retries.increment(
  File "/public/home/202420116260/miniconda3/envs/lerobot/lib/python3.10/site-packages/urllib3/util/retry.py", line 535, in increment
    raise MaxRetryError(_pool, url, reason) from reason  # type: ignore[arg-type]
urllib3.exceptions.MaxRetryError: HTTPSConnectionPool(host='huggingface.co', port=443): Max retries exceeded with url: /configs/train_config.json/resolve/main/train_config.json (Caused by NameResolutionError("HTTPSConnection(host='huggingface.co', port=443): Failed to resolve 'huggingface.co' ([Errno -2] Name or service not known)"))

During handling of the above exception, another exception occurred:

Traceback (most recent call last):
  File "/public/home/202420116260/miniconda3/envs/lerobot/lib/python3.10/site-packages/huggingface_hub/file_download.py", line 1546, in _get_metadata_or_catch_error
    metadata = get_hf_file_metadata(
  File "/public/home/202420116260/miniconda3/envs/lerobot/lib/python3.10/site-packages/huggingface_hub/utils/_validators.py", line 114, in _inner_fn
    return fn(*args, **kwargs)
  File "/public/home/202420116260/miniconda3/envs/lerobot/lib/python3.10/site-packages/huggingface_hub/file_download.py", line 1463, in get_hf_file_metadata
    r = _request_wrapper(
  File "/public/home/202420116260/miniconda3/envs/lerobot/lib/python3.10/site-packages/huggingface_hub/file_download.py", line 286, in _request_wrapper
    response = _request_wrapper(
  File "/public/home/202420116260/miniconda3/envs/lerobot/lib/python3.10/site-packages/huggingface_hub/file_download.py", line 309, in _request_wrapper
    response = http_backoff(method=method, url=url, **params)
  File "/public/home/202420116260/miniconda3/envs/lerobot/lib/python3.10/site-packages/huggingface_hub/utils/_http.py", line 327, in http_backoff
    raise err
  File "/public/home/202420116260/miniconda3/envs/lerobot/lib/python3.10/site-packages/huggingface_hub/utils/_http.py", line 308, in http_backoff
    response = session.request(method=method, url=url, **kwargs)
  File "/public/home/202420116260/miniconda3/envs/lerobot/lib/python3.10/site-packages/requests/sessions.py", line 589, in request
    resp = self.send(prep, **send_kwargs)
  File "/public/home/202420116260/miniconda3/envs/lerobot/lib/python3.10/site-packages/requests/sessions.py", line 703, in send
    r = adapter.send(request, **kwargs)
  File "/public/home/202420116260/miniconda3/envs/lerobot/lib/python3.10/site-packages/huggingface_hub/utils/_http.py", line 95, in send
    return super().send(request, *args, **kwargs)
  File "/public/home/202420116260/miniconda3/envs/lerobot/lib/python3.10/site-packages/requests/adapters.py", line 677, in send
    raise ConnectionError(e, request=request)
requests.exceptions.ConnectionError: (MaxRetryError('HTTPSConnectionPool(host=\'huggingface.co\', port=443): Max retries exceeded with url: /configs/train_config.json/resolve/main/train_config.json (Caused by NameResolutionError("HTTPSConnection(host=\'huggingface.co\', port=443): Failed to resolve \'huggingface.co\' ([Errno -2] Name or service not known)"))'), '(Request ID: 1bad1dce-6140-4df7-a904-5a7bbc46d3e1)')

The above exception was the direct cause of the following exception:

Traceback (most recent call last):
  File "/public/home/202420116260/Project/lerobot/src/lerobot/configs/train.py", line 188, in from_pretrained
    config_file = hf_hub_download(
  File "/public/home/202420116260/miniconda3/envs/lerobot/lib/python3.10/site-packages/huggingface_hub/utils/_validators.py", line 114, in _inner_fn
    return fn(*args, **kwargs)
  File "/public/home/202420116260/miniconda3/envs/lerobot/lib/python3.10/site-packages/huggingface_hub/file_download.py", line 1010, in hf_hub_download
    return _hf_hub_download_to_cache_dir(
  File "/public/home/202420116260/miniconda3/envs/lerobot/lib/python3.10/site-packages/huggingface_hub/file_download.py", line 1117, in _hf_hub_download_to_cache_dir
    _raise_on_head_call_error(head_call_error, force_download, local_files_only)
  File "/public/home/202420116260/miniconda3/envs/lerobot/lib/python3.10/site-packages/huggingface_hub/file_download.py", line 1661, in _raise_on_head_call_error
    raise LocalEntryNotFoundError(
huggingface_hub.errors.LocalEntryNotFoundError: An error happened while trying to locate the file on the Hub and we cannot find the requested files in the local cache. Please check your connection and try again or make sure your Internet connection is on.

The above exception was the direct cause of the following exception:

Traceback (most recent call last):
  File "/public/home/202420116260/miniconda3/envs/lerobot/bin/lerobot-train", line 7, in <module>
    sys.exit(main())
  File "/public/home/202420116260/Project/lerobot/src/lerobot/scripts/lerobot_train.py", line 532, in main
    train()
  File "/public/home/202420116260/Project/lerobot/src/lerobot/configs/parser.py", line 230, in wrapper_inner
    cfg = argtype.from_pretrained(config_path_cli, cli_args=cli_args)
  File "/public/home/202420116260/Project/lerobot/src/lerobot/configs/train.py", line 200, in from_pretrained
    raise FileNotFoundError(
FileNotFoundError: train_config.json not found on the HuggingFace Hub in configs/train_config.json
